
> fulness-vue@0.0.0 build
> vite build

[36mvite v6.4.1 [32mbuilding for production...[36m[39m
transforming...
[32m✓[39m 28 modules transformed.
[31m✗[39m Build failed in 1.17s
[31merror during build:
[31m[vite:asset] Could not load C:\Users\efran\Documents\Proyectos\Fulness_V2-main\Fulness_V2-main\src/assets/imagenes/video-thumbnail.jpg (imported by src/components/home/InfoSection.vue): ENOENT: no such file or directory, open 'C:\Users\efran\Documents\Proyectos\Fulness_V2-main\Fulness_V2-main\src\assets\imagenes\video-thumbnail.jpg'[31m
    at async open (node:internal/fs/promises:642:25)
    at async Object.readFile (node:internal/fs/promises:1279:14)
    at async fileToBuiltUrl (file:///C:/Users/efran/Documents/Proyectos/Fulness_V2-main/Fulness_V2-main/node_modules/vite/dist/node/chunks/dep-D4NMHUTW.js:10563:19)
    at async Object.handler (file:///C:/Users/efran/Documents/Proyectos/Fulness_V2-main/Fulness_V2-main/node_modules/vite/dist/node/chunks/dep-D4NMHUTW.js:10420:19)
    at async PluginDriver.hookFirstAndGetPlugin (file:///C:/Users/efran/Documents/Proyectos/Fulness_V2-main/Fulness_V2-main/node_modules/rollup/dist/es/shared/node-entry.js:22430:28)
    at async file:///C:/Users/efran/Documents/Proyectos/Fulness_V2-main/Fulness_V2-main/node_modules/rollup/dist/es/shared/node-entry.js:21422:33
    at async Queue.work (file:///C:/Users/efran/Documents/Proyectos/Fulness_V2-main/Fulness_V2-main/node_modules/rollup/dist/es/shared/node-entry.js:22658:32)[39m
